eeschema (2013-07-07 BZR 4022)-stable  >> Creation date: 09.11.2014 12:39:47
#Cmp ( order = Reference )
| C1         10uF        
| C2         0.1uF       
| CON1       BARREL_JACK 
| D1         DIODE       
| D2         DIODE       
| D3         DIODE       
| D4         DIODE       
| D5         DIODE       
| D6         DIODE       
| IC1        ATMEGA328P-A
| P1         CONN_20     
| P2         CONN_2      
| P4         GND         
| P5         DTR         
| P6         TXD         
| P7         RXD         
| P8         RST         
| P9         MOSI        
| P10        SCK         
| P11        MISO        
| R1         10k         
| SW1        SRS         
#End Cmp

#Cmp ( order = Value )
| 0.1uF        C2        
| 10uF         C1        
| BARREL_JACK  CON1      
| DIODE        D1        
| DIODE        D2        
| DIODE        D3        
| DIODE        D4        
| DIODE        D5        
| DIODE        D6        
| ATMEGA328P-A IC1       
| CONN_20      P1        
| CONN_2       P2        
| GND          P4        
| DTR          P5        
| TXD          P6        
| RXD          P7        
| RST          P8        
| MOSI         P9        
| SCK          P10       
| MISO         P11       
| 10k          R1        
| SRS          SW1       
#End Cmp

#End List
